Archive member included to satisfy reference by file (symbol)

/Applications/STM32CubeIDE.app/Contents/Eclipse/plugins/com.st.stm32cube.ide.mcu.externaltools.gnu-tools-for-stm32.13.3.rel1.macos64_1.0.0.202411102158/tools/bin/../lib/gcc/arm-none-eabi/13.3.1/../../../../arm-none-eabi/lib/thumb/v7e-m+dp/hard/libc_nano.a(libc_a-exit.o)
                              /Applications/STM32CubeIDE.app/Contents/Eclipse/plugins/com.st.stm32cube.ide.mcu.externaltools.gnu-tools-for-stm32.13.3.rel1.macos64_1.0.0.202411102158/tools/bin/../lib/gcc/arm-none-eabi/13.3.1/../../../../arm-none-eabi/lib/thumb/v7e-m+dp/hard/crt0.o (exit)
/Applications/STM32CubeIDE.app/Contents/Eclipse/plugins/com.st.stm32cube.ide.mcu.externaltools.gnu-tools-for-stm32.13.3.rel1.macos64_1.0.0.202411102158/tools/bin/../lib/gcc/arm-none-eabi/13.3.1/../../../../arm-none-eabi/lib/thumb/v7e-m+dp/hard/libc_nano.a(libc_a-findfp.o)
                              /Applications/STM32CubeIDE.app/Contents/Eclipse/plugins/com.st.stm32cube.ide.mcu.externaltools.gnu-tools-for-stm32.13.3.rel1.macos64_1.0.0.202411102158/tools/bin/../lib/gcc/arm-none-eabi/13.3.1/../../../../arm-none-eabi/lib/thumb/v7e-m+dp/hard/libc_nano.a(libc_a-exit.o) (__stdio_exit_handler)
/Applications/STM32CubeIDE.app/Contents/Eclipse/plugins/com.st.stm32cube.ide.mcu.externaltools.gnu-tools-for-stm32.13.3.rel1.macos64_1.0.0.202411102158/tools/bin/../lib/gcc/arm-none-eabi/13.3.1/../../../../arm-none-eabi/lib/thumb/v7e-m+dp/hard/libc_nano.a(libc_a-fwalk.o)
                              /Applications/STM32CubeIDE.app/Contents/Eclipse/plugins/com.st.stm32cube.ide.mcu.externaltools.gnu-tools-for-stm32.13.3.rel1.macos64_1.0.0.202411102158/tools/bin/../lib/gcc/arm-none-eabi/13.3.1/../../../../arm-none-eabi/lib/thumb/v7e-m+dp/hard/libc_nano.a(libc_a-findfp.o) (_fwalk_sglue)
/Applications/STM32CubeIDE.app/Contents/Eclipse/plugins/com.st.stm32cube.ide.mcu.externaltools.gnu-tools-for-stm32.13.3.rel1.macos64_1.0.0.202411102158/tools/bin/../lib/gcc/arm-none-eabi/13.3.1/../../../../arm-none-eabi/lib/thumb/v7e-m+dp/hard/libc_nano.a(libc_a-memset.o)
                              /Applications/STM32CubeIDE.app/Contents/Eclipse/plugins/com.st.stm32cube.ide.mcu.externaltools.gnu-tools-for-stm32.13.3.rel1.macos64_1.0.0.202411102158/tools/bin/../lib/gcc/arm-none-eabi/13.3.1/../../../../arm-none-eabi/lib/thumb/v7e-m+dp/hard/crt0.o (memset)
/Applications/STM32CubeIDE.app/Contents/Eclipse/plugins/com.st.stm32cube.ide.mcu.externaltools.gnu-tools-for-stm32.13.3.rel1.macos64_1.0.0.202411102158/tools/bin/../lib/gcc/arm-none-eabi/13.3.1/../../../../arm-none-eabi/lib/thumb/v7e-m+dp/hard/libc_nano.a(libc_a-errno.o)
                              ./Core/Src/syscalls.o (__errno)
/Applications/STM32CubeIDE.app/Contents/Eclipse/plugins/com.st.stm32cube.ide.mcu.externaltools.gnu-tools-for-stm32.13.3.rel1.macos64_1.0.0.202411102158/tools/bin/../lib/gcc/arm-none-eabi/13.3.1/../../../../arm-none-eabi/lib/thumb/v7e-m+dp/hard/libc_nano.a(libc_a-init.o)
                              /Applications/STM32CubeIDE.app/Contents/Eclipse/plugins/com.st.stm32cube.ide.mcu.externaltools.gnu-tools-for-stm32.13.3.rel1.macos64_1.0.0.202411102158/tools/bin/../lib/gcc/arm-none-eabi/13.3.1/../../../../arm-none-eabi/lib/thumb/v7e-m+dp/hard/crt0.o (__libc_init_array)
/Applications/STM32CubeIDE.app/Contents/Eclipse/plugins/com.st.stm32cube.ide.mcu.externaltools.gnu-tools-for-stm32.13.3.rel1.macos64_1.0.0.202411102158/tools/bin/../lib/gcc/arm-none-eabi/13.3.1/../../../../arm-none-eabi/lib/thumb/v7e-m+dp/hard/libc_nano.a(libc_a-lock.o)
                              /Applications/STM32CubeIDE.app/Contents/Eclipse/plugins/com.st.stm32cube.ide.mcu.externaltools.gnu-tools-for-stm32.13.3.rel1.macos64_1.0.0.202411102158/tools/bin/../lib/gcc/arm-none-eabi/13.3.1/../../../../arm-none-eabi/lib/thumb/v7e-m+dp/hard/libc_nano.a(libc_a-findfp.o) (__retarget_lock_init_recursive)
/Applications/STM32CubeIDE.app/Contents/Eclipse/plugins/com.st.stm32cube.ide.mcu.externaltools.gnu-tools-for-stm32.13.3.rel1.macos64_1.0.0.202411102158/tools/bin/../lib/gcc/arm-none-eabi/13.3.1/../../../../arm-none-eabi/lib/thumb/v7e-m+dp/hard/libc_nano.a(libc_a-impure.o)
                              /Applications/STM32CubeIDE.app/Contents/Eclipse/plugins/com.st.stm32cube.ide.mcu.externaltools.gnu-tools-for-stm32.13.3.rel1.macos64_1.0.0.202411102158/tools/bin/../lib/gcc/arm-none-eabi/13.3.1/../../../../arm-none-eabi/lib/thumb/v7e-m+dp/hard/libc_nano.a(libc_a-errno.o) (_impure_ptr)
/Applications/STM32CubeIDE.app/Contents/Eclipse/plugins/com.st.stm32cube.ide.mcu.externaltools.gnu-tools-for-stm32.13.3.rel1.macos64_1.0.0.202411102158/tools/bin/../lib/gcc/arm-none-eabi/13.3.1/../../../../arm-none-eabi/lib/thumb/v7e-m+dp/hard/libc_nano.a(libc_a-mallocr.o)
[...]
Memory Configuration

Name             Origin             Length             Attributes
ITCMRAM          0x00000000         0x00010000         xrw
DTCMRAM          0x20000000         0x00020000         xrw
FLASH            0x08000000         0x00100000         xr
RAM_D1           0x24000000         0x00050000         xrw
RAM_D2           0x30000000         0x00008000         xrw
RAM_D3           0x38000000         0x00004000         xrw
*default*        0x00000000         0xffffffff

Linker script and memory map

LOAD /Applications/STM32CubeIDE.app/Contents/Eclipse/plugins/com.st.stm32cube.ide.mcu.externaltools.gnu-tools-for-stm32.13.3.rel1.macos64_1.0.0.202411102158/tools/bin/../lib/gcc/arm-none-eabi/13.3.1/thumb/v7e-m+dp/hard/crti.o
LOAD /Applications/STM32CubeIDE.app/Contents/Eclipse/plugins/com.st.stm32cube.ide.mcu.externaltools.gnu-tools-for-stm32.13.3.rel1.macos64_1.0.0.202411102158/tools/bin/../lib/gcc/arm-none-eabi/13.3.1/thumb/v7e-m+dp/hard/crtbegin.o
LOAD /Applications/STM32CubeIDE.app/Contents/Eclipse/plugins/com.st.stm32cube.ide.mcu.externaltools.gnu-tools-for-stm32.13.3.rel1.macos64_1.0.0.202411102158/tools/bin/../lib/gcc/arm-none-eabi/13.3.1/../../../../arm-none-eabi/lib/thumb/v7e-m+dp/hard/crt0.o
LOAD ./Core/Src/main.o
LOAD ./Core/Src/stm32h7xx_hal_msp.o
LOAD ./Core/Src/stm32h7xx_it.o
LOAD ./Core/Src/syscalls.o
LOAD ./Core/Src/sysmem.o
LOAD ./Core/Src/system_stm32h7xx.o
LOAD ./Core/Startup/startup_stm32h723zgtx.o
LOAD ./Drivers/STM32H7xx_HAL_Driver/Src/stm32h7xx_hal.o
LOAD ./Drivers/STM32H7xx_HAL_Driver/Src/stm32h7xx_hal_adc.o
LOAD ./Drivers/STM32H7xx_HAL_Driver/Src/stm32h7xx_hal_adc_ex.o
LOAD ./Drivers/STM32H7xx_HAL_Driver/Src/stm32h7xx_hal_cortex.o
LOAD ./Drivers/STM32H7xx_HAL_Driver/Src/stm32h7xx_hal_dma.o
LOAD ./Drivers/STM32H7xx_HAL_Driver/Src/stm32h7xx_hal_dma_ex.o
LOAD ./Drivers/STM32H7xx_HAL_Driver/Src/stm32h7xx_hal_exti.o
LOAD ./Drivers/STM32H7xx_HAL_Driver/Src/stm32h7xx_hal_flash.o
LOAD ./Drivers/STM32H7xx_HAL_Driver/Src/stm32h7xx_hal_flash_ex.o
LOAD ./Drivers/STM32H7xx_HAL_Driver/Src/stm32h7xx_hal_gpio.o
LOAD ./Drivers/STM32H7xx_HAL_Driver/Src/stm32h7xx_hal_hsem.o
LOAD ./Drivers/STM32H7xx_HAL_Driver/Src/stm32h7xx_hal_i2c.o
LOAD ./Drivers/STM32H7xx_HAL_Driver/Src/stm32h7xx_hal_i2c_ex.o
LOAD ./Drivers/STM32H7xx_HAL_Driver/Src/stm32h7xx_hal_mdma.o
LOAD ./Drivers/STM32H7xx_HAL_Driver/Src/stm32h7xx_hal_pwr.o
LOAD ./Drivers/STM32H7xx_HAL_Driver/Src/stm32h7xx_hal_pwr_ex.o
LOAD ./Drivers/STM32H7xx_HAL_Driver/Src/stm32h7xx_hal_rcc.o
LOAD ./Drivers/STM32H7xx_HAL_Driver/Src/stm32h7xx_hal_rcc_ex.o
LOAD ./Drivers/STM32H7xx_HAL_Driver/Src/stm32h7xx_hal_tim.o
LOAD ./Drivers/STM32H7xx_HAL_Driver/Src/stm32h7xx_hal_tim_ex.o
START GROUP
LOAD /Applications/STM32CubeIDE.app/Contents/Eclipse/plugins/com.st.stm32cube.ide.mcu.externaltools.gnu-tools-for-stm32.13.3.rel1.macos64_1.0.0.202411102158/tools/bin/../lib/gcc/arm-none-eabi/13.3.1/../../../../arm-none-eabi/lib/thumb/v7e-m+dp/hard/libc_nano.a
LOAD /Applications/STM32CubeIDE.app/Contents/Eclipse/plugins/com.st.stm32cube.ide.mcu.externaltools.gnu-tools-for-stm32.13.3.rel1.macos64_1.0.0.202411102158/tools/bin/../lib/gcc/arm-none-eabi/13.3.1/../../../../arm-none-eabi/lib/thumb/v7e-m+dp/hard/libm.a
END GROUP
START GROUP
LOAD /Applications/STM32CubeIDE.app/Contents/Eclipse/plugins/com.st.stm32cube.ide.mcu.externaltools.gnu-tools-for-stm32.13.3.rel1.macos64_1.0.0.202411102158/tools/bin/../lib/gcc/arm-none-eabi/13.3.1/thumb/v7e-m+dp/hard/libgcc.a
LOAD /Applications/STM32CubeIDE.app/Contents/Eclipse/plugins/com.st.stm32cube.ide.mcu.externaltools.gnu-tools-for-stm32.13.3.rel1.macos64_1.0.0.202411102158/tools/bin/../lib/gcc/arm-none-eabi/13.3.1/../../../../arm-none-eabi/lib/thumb/v7e-m+dp/hard/libc_nano.a
END GROUP
START GROUP
LOAD /Applications/STM32CubeIDE.app/Contents/Eclipse/plugins/com.st.stm32cube.ide.mcu.externaltools.gnu-tools-for-stm32.13.3.rel1.macos64_1.0.0.202411102158/tools/bin/../lib/gcc/arm-none-eabi/13.3.1/thumb/v7e-m+dp/hard/libgcc.a
LOAD /Applications/STM32CubeIDE.app/Contents/Eclipse/plugins/com.st.stm32cube.ide.mcu.externaltools.gnu-tools-for-stm32.13.3.rel1.macos64_1.0.0.202411102158/tools/bin/../lib/gcc/arm-none-eabi/13.3.1/../../../../arm-none-eabi/lib/thumb/v7e-m+dp/hard/libc_nano.a
LOAD /Applications/STM32CubeIDE.app/Contents/Eclipse/plugins/com.st.stm32cube.ide.mcu.externaltools.gnu-tools-for-stm32.13.3.rel1.macos64_1.0.0.202411102158/tools/bin/../lib/gcc/arm-none-eabi/13.3.1/../../../../arm-none-eabi/lib/thumb/v7e-m+dp/hard/libnosys.a
END GROUP
START GROUP
LOAD /Applications/STM32CubeIDE.app/Contents/Eclipse/plugins/com.st.stm32cube.ide.mcu.externaltools.gnu-tools-for-stm32.13.3.rel1.macos64_1.0.0.202411102158/tools/bin/../lib/gcc/arm-none-eabi/13.3.1/thumb/v7e-m+dp/hard/libgcc.a
LOAD /Applications/STM32CubeIDE.app/Contents/Eclipse/plugins/com.st.stm32cube.ide.mcu.externaltools.gnu-tools-for-stm32.13.3.rel1.macos64_1.0.0.202411102158/tools/bin/../lib/gcc/arm-none-eabi/13.3.1/../../../../arm-none-eabi/lib/thumb/v7e-m+dp/hard/libc_nano.a
LOAD /Applications/STM32CubeIDE.app/Contents/Eclipse/plugins/com.st.stm32cube.ide.mcu.externaltools.gnu-tools-for-stm32.13.3.rel1.macos64_1.0.0.202411102158/tools/bin/../lib/gcc/arm-none-eabi/13.3.1/../../../../arm-none-eabi/lib/thumb/v7e-m+dp/hard/libnosys.a
END GROUP
LOAD /Applications/STM32CubeIDE.app/Contents/Eclipse/plugins/com.st.stm32cube.ide.mcu.externaltools.gnu-tools-for-stm32.13.3.rel1.macos64_1.0.0.202411102158/tools/bin/../lib/gcc/arm-none-eabi/13.3.1/thumb/v7e-m+dp/hard/crtend.o
LOAD /Applications/STM32CubeIDE.app/Contents/Eclipse/plugins/com.st.stm32cube.ide.mcu.externaltools.gnu-tools-for-stm32.13.3.rel1.macos64_1.0.0.202411102158/tools/bin/../lib/gcc/arm-none-eabi/13.3.1/thumb/v7e-m+dp/hard/crtn.o
                0x24050000                        _estack = (ORIGIN (RAM_D1) + LENGTH (RAM_D1))
                0x00000200                        _Min_Heap_Size = 0x200
                0x00000400                        _Min_Stack_Size = 0x400

.isr_vector     0x08000000      0x2cc
                0x08000000                        . = ALIGN (0x4)
 *(.isr_vector)
 .isr_vector    0x08000000      0x2cc ./Core/Startup/startup_stm32h723zgtx.o
                0x08000000                g_pfnVectors
                0x080002cc                        . = ALIGN (0x4)

.text           0x080002cc     0x6170
                0x080002cc                        . = ALIGN (0x4)
 *(.text)
 .text          0x080002cc       0x40 /Applications/STM32CubeIDE.app/Contents/Eclipse/plugins/com.st.stm32cube.ide.mcu.externaltools.gnu-tools-for-stm32.13.3.rel1.macos64_1.0.0.202411102158/tools/bin/../lib/gcc/arm-none-eabi/13.3.1/thumb/v7e-m+dp/hard/crtbegin.o
 *(.text*)
 .text.main     0x0800030c       0x6c ./Core/Src/main.o
                0x0800030c                main
 .text.SystemClock_Config
                0x08000378       0xcc ./Core/Src/main.o
                0x08000378                SystemClock_Config
 .text.MX_ADC1_Init
                0x08000444       0xf8 ./Core/Src/main.o
 .text.MX_GPIO_Init
                0x0800053c       0x88 ./Core/Src/main.o
 .text.MPU_Config
                0x080005c4       0x58 ./Core/Src/main.o
 .text.Error_Handler
                0x0800061c        0xc ./Core/Src/main.o
                0x0800061c                Error_Handler
 .text.HAL_MspInit
                0x08000628       0x34 ./Core/Src/stm32h7xx_hal_msp.o
                0x08000628                HAL_MspInit
 .text.HAL_ADC_MspInit
                0x0800065c       0xe4 ./Core/Src/stm32h7xx_hal_msp.o
                0x0800065c                HAL_ADC_MspInit
 .text.NMI_Handler
                0x08000740        0x8 ./Core/Src/stm32h7xx_it.o
                0x08000740                NMI_Handler
 .text.HardFault_Handler
                0x08000748        0x8 ./Core/Src/stm32h7xx_it.o
                0x08000748                HardFault_Handler
 .text.MemManage_Handler
                0x08000750        0x8 ./Core/Src/stm32h7xx_it.o
                0x08000750                MemManage_Handler
 .text.BusFault_Handler
                0x08000758        0x8 ./Core/Src/stm32h7xx_it.o
                0x08000758                BusFault_Handler
 .text.UsageFault_Handler
                0x08000760        0x8 ./Core/Src/stm32h7xx_it.o
                0x08000760                UsageFault_Handler
 .text.SVC_Handler
                0x08000768        0xe ./Core/Src/stm32h7xx_it.o
                0x08000768                SVC_Handler
 .text.DebugMon_Handler
                0x08000776        0xe ./Core/Src/stm32h7xx_it.o
                0x08000776                DebugMon_Handler
 .text.PendSV_Handler
                0x08000784        0xe ./Core/Src/stm32h7xx_it.o
                0x08000784                PendSV_Handler
 .text.SysTick_Handler
                0x08000792        0xc ./Core/Src/stm32h7xx_it.o
                0x08000792                SysTick_Handler
 *fill*         0x0800079e        0x2 
 .text.SystemInit
                0x080007a0      0x120 ./Core/Src/system_stm32h7xx.o
                0x080007a0                SystemInit
 .text.ExitRun0Mode
                0x080008c0       0x30 ./Core/Src/system_stm32h7xx.o
                0x080008c0                ExitRun0Mode
 .text.Reset_Handler
                0x080008f0       0x54 ./Core/Startup/startup_stm32h723zgtx.o
                0x080008f0                Reset_Handler
 .text.Default_Handler
                0x08000944        0x2 ./Core/Startup/startup_stm32h723zgtx.o
                0x08000944                DMA1_Stream3_IRQHandler
                0x08000944                EXTI2_IRQHandler
                0x08000944                TIM8_CC_IRQHandler
                0x08000944                UART8_IRQHandler
                0x08000944                SPI4_IRQHandler
                0x08000944                FDCAN3_IT0_IRQHandler
                0x08000944                TIM1_CC_IRQHandler
                0x08000944                BDMA_Channel6_IRQHandler
                0x08000944                DMA2_Stream5_IRQHandler
                0x08000944                DMA1_Stream5_IRQHandler
                0x08000944                CORDIC_IRQHandler
                0x08000944                BDMA_Channel1_IRQHandler
                0x08000944                TAMP_STAMP_IRQHandler
                0x08000944                EXTI3_IRQHandler
                0x08000944                LPTIM4_IRQHandler
                0x08000944                TIM8_TRG_COM_TIM14_IRQHandler
                0x08000944                LPTIM2_IRQHandler
                0x08000944                DFSDM1_FLT1_IRQHandler
                0x08000944                DMAMUX2_OVR_IRQHandler
                0x08000944                TIM8_UP_TIM13_IRQHandler
                0x08000944                I2C3_ER_IRQHandler
                0x08000944                DFSDM1_FLT2_IRQHandler
                0x08000944                I2C5_EV_IRQHandler
                0x08000944                USART10_IRQHandler
                0x08000944                MDMA_IRQHandler
                0x08000944                LPTIM3_IRQHandler
                0x08000944                HSEM1_IRQHandler
                0x08000944                EXTI0_IRQHandler
                0x08000944                I2C2_EV_IRQHandler
                0x08000944                DMA1_Stream2_IRQHandler
                0x08000944                FPU_IRQHandler
                0x08000944                OTG_HS_WKUP_IRQHandler
                0x08000944                FDCAN1_IT1_IRQHandler
                0x08000944                LTDC_ER_IRQHandler
                0x08000944                DMA2_Stream2_IRQHandler
                0x08000944                SPI1_IRQHandler
                0x08000944                OCTOSPI1_IRQHandler
                0x08000944                TIM6_DAC_IRQHandler
                0x08000944                DMA2_Stream3_IRQHandler
                0x08000944                OCTOSPI2_IRQHandler
                0x08000944                DFSDM1_FLT3_IRQHandler
                0x08000944                TIM23_IRQHandler
                0x08000944                USART6_IRQHandler
                0x08000944                TIM17_IRQHandler
                0x08000944                USART3_IRQHandler
                0x08000944                BDMA_Channel7_IRQHandler
                0x08000944                LPTIM5_IRQHandler
                0x08000944                UART5_IRQHandler
                0x08000944                ADC3_IRQHandler
                0x08000944                DMA2_Stream0_IRQHandler
                0x08000944                TIM4_IRQHandler
                0x08000944                BDMA_Channel2_IRQHandler
                0x08000944                I2C1_EV_IRQHandler
                0x08000944                DMA1_Stream6_IRQHandler
                0x08000944                DMAMUX1_OVR_IRQHandler
                0x08000944                DMA1_Stream1_IRQHandler
                0x08000944                TIM16_IRQHandler
                0x08000944                UART4_IRQHandler
                0x08000944                BDMA_Channel5_IRQHandler
                0x08000944                TIM3_IRQHandler
                0x08000944                RCC_IRQHandler
                0x08000944                UART9_IRQHandler
                0x08000944                TIM8_BRK_TIM12_IRQHandler
                0x08000944                TIM1_TRG_COM_IRQHandler
                0x08000944                Default_Handler
                0x08000944                ECC_IRQHandler
                0x08000944                FMAC_IRQHandler
                0x08000944                CEC_IRQHandler
                0x08000944                EXTI15_10_IRQHandler
                0x08000944                BDMA_Channel0_IRQHandler
                0x08000944                ADC_IRQHandler
                0x08000944                I2C5_ER_IRQHandler
                0x08000944                DMA1_Stream7_IRQHandler
                0x08000944                SPI5_IRQHandler
                0x08000944                TIM7_IRQHandler
                0x08000944                FDCAN3_IT1_IRQHandler
                0x08000944                SDMMC1_IRQHandler
                0x08000944                TIM5_IRQHandler
                0x08000944                DMA2_Stream7_IRQHandler
                0x08000944                TIM15_IRQHandler
                0x08000944                PVD_AVD_IRQHandler
                0x08000944                I2C3_EV_IRQHandler
                0x08000944                EXTI9_5_IRQHandler
                0x08000944                RTC_WKUP_IRQHandler
                0x08000944                LTDC_IRQHandler
                0x08000944                ETH_WKUP_IRQHandler
                0x08000944                SPDIF_RX_IRQHandler
                0x08000944                SPI2_IRQHandler
                0x08000944                OTG_HS_EP1_IN_IRQHandler
                0x08000944                DMA1_Stream0_IRQHandler
                0x08000944                TIM24_IRQHandler
                0x08000944                CRS_IRQHandler
                0x08000944                EXTI4_IRQHandler
                0x08000944                RNG_IRQHandler
                0x08000944                FDCAN2_IT1_IRQHandler
                0x08000944                ETH_IRQHandler
                0x08000944                TIM1_UP_IRQHandler
                0x08000944                BDMA_Channel4_IRQHandler
                0x08000944                OTG_HS_EP1_OUT_IRQHandler
                0x08000944                WWDG_IRQHandler
                0x08000944                SPI6_IRQHandler
                0x08000944                MDIOS_IRQHandler
                0x08000944                I2C4_EV_IRQHandler
                0x08000944                FDCAN2_IT0_IRQHandler
                0x08000944                LPUART1_IRQHandler
                0x08000944                FDCAN1_IT0_IRQHandler
                0x08000944                TIM2_IRQHandler
                0x08000944                OTG_HS_IRQHandler
                0x08000944                DMA2D_IRQHandler
                0x08000944                TIM1_BRK_IRQHandler
                0x08000944                EXTI1_IRQHandler
                0x08000944                SDMMC2_IRQHandler
                0x08000944                BDMA_Channel3_IRQHandler
                0x08000944                DTS_IRQHandler
                0x08000944                UART7_IRQHandler
                0x08000944                MDIOS_WKUP_IRQHandler
                0x08000944                USART2_IRQHandler
                0x08000944                DFSDM1_FLT0_IRQHandler
                0x08000944                SAI4_IRQHandler
                0x08000944                I2C2_ER_IRQHandler
                0x08000944                DMA2_Stream1_IRQHandler
                0x08000944                FLASH_IRQHandler
                0x08000944                DMA2_Stream4_IRQHandler
                0x08000944                USART1_IRQHandler
                0x08000944                SPI3_IRQHandler
                0x08000944                WAKEUP_PIN_IRQHandler
                0x08000944                DMA1_Stream4_IRQHandler
                0x08000944                I2C1_ER_IRQHandler
                0x08000944                FMC_IRQHandler
                0x08000944                FDCAN_CAL_IRQHandler
                0x08000944                SWPMI1_IRQHandler
                0x08000944                COMP1_IRQHandler
                0x08000944                LPTIM1_IRQHandler
                0x08000944                DCMI_PSSI_IRQHandler
                0x08000944                I2C4_ER_IRQHandler
                0x08000944                DMA2_Stream6_IRQHandler
                0x08000944                SAI1_IRQHandler
                0x08000944                RTC_Alarm_IRQHandler
 *fill*         0x08000946        0x2 
 .text.HAL_Init
                0x08000948       0x78 ./Drivers/STM32H7xx_HAL_Driver/Src/stm32h7xx_hal.o
                0x08000948                HAL_Init
 .text.HAL_InitTick
                0x080009c0       0x6c ./Drivers/STM32H7xx_HAL_Driver/Src/stm32h7xx_hal.o
                0x080009c0                HAL_InitTick
 .text.HAL_IncTick
                0x08000a2c       0x28 ./Drivers/STM32H7xx_HAL_Driver/Src/stm32h7xx_hal.o
                0x08000a2c                HAL_IncTick
 .text.HAL_GetTick
                0x08000a54       0x18 ./Drivers/STM32H7xx_HAL_Driver/Src/stm32h7xx_hal.o
                0x08000a54                HAL_GetTick
 .text.HAL_Delay
                0x08000a6c       0x48 ./Drivers/STM32H7xx_HAL_Driver/Src/stm32h7xx_hal.o
                0x08000a6c                HAL_Delay
 .text.LL_ADC_SetCommonClock
                0x08000ab4       0x26 ./Drivers/STM32H7xx_HAL_Driver/Src/stm32h7xx_hal_adc.o
 .text.LL_ADC_SetCommonPathInternalCh
                0x08000ada       0x26 ./Drivers/STM32H7xx_HAL_Driver/Src/stm32h7xx_hal_adc.o
 .text.LL_ADC_GetCommonPathInternalCh
                0x08000b00       0x1c ./Drivers/STM32H7xx_HAL_Driver/Src/stm32h7xx_hal_adc.o
 .text.LL_ADC_SetChannelPreselection
                0x08000b1c       0x74 ./Drivers/STM32H7xx_HAL_Driver/Src/stm32h7xx_hal_adc.o
 .text.LL_ADC_SetOffset
                0x08000b90       0x64 ./Drivers/STM32H7xx_HAL_Driver/Src/stm32h7xx_hal_adc.o
 .text.LL_ADC_GetOffsetChannel
                0x08000bf4       0x2c ./Drivers/STM32H7xx_HAL_Driver/Src/stm32h7xx_hal_adc.o
 .text.LL_ADC_SetDataRightShift
                0x08000c20       0x32 ./Drivers/STM32H7xx_HAL_Driver/Src/stm32h7xx_hal_adc.o
 *fill*         0x08000c52        0x2 
 .text.LL_ADC_SetOffsetSignedSaturation
                0x08000c54       0x44 ./Drivers/STM32H7xx_HAL_Driver/Src/stm32h7xx_hal_adc.o
 .text.LL_ADC_SetOffsetSaturation
                0x08000c98       0x44 ./Drivers/STM32H7xx_HAL_Driver/Src/stm32h7xx_hal_adc.o
 .text.LL_ADC_SetOffsetSign
                0x08000cdc       0x44 ./Drivers/STM32H7xx_HAL_Driver/Src/stm32h7xx_hal_adc.o
 .text.LL_ADC_SetOffsetState
                0x08000d20       0x54 ./Drivers/STM32H7xx_HAL_Driver/Src/stm32h7xx_hal_adc.o
 .text.LL_ADC_REG_IsTriggerSourceSWStart
                0x08000d74       0x26 ./Drivers/STM32H7xx_HAL_Driver/Src/stm32h7xx_hal_adc.o
 .text.LL_ADC_REG_SetSequencerRanks
                0x08000d9a       0x58 ./Drivers/STM32H7xx_HAL_Driver/Src/stm32h7xx_hal_adc.o
 .text.LL_ADC_SetChannelSamplingTime
                0x08000df2       0x56 ./Drivers/STM32H7xx_HAL_Driver/Src/stm32h7xx_hal_adc.o
 .text.LL_ADC_SetChannelSingleDiff
                0x08000e48       0x80 ./Drivers/STM32H7xx_HAL_Driver/Src/stm32h7xx_hal_adc.o
 .text.LL_ADC_GetMultimode
                0x08000ec8       0x1c ./Drivers/STM32H7xx_HAL_Driver/Src/stm32h7xx_hal_adc.o
 .text.LL_ADC_GetMultiDMATransfer
                0x08000ee4       0x1c ./Drivers/STM32H7xx_HAL_Driver/Src/stm32h7xx_hal_adc.o
 .text.LL_ADC_DisableDeepPowerDown
                0x08000f00       0x24 ./Drivers/STM32H7xx_HAL_Driver/Src/stm32h7xx_hal_adc.o
 .text.LL_ADC_IsDeepPowerDownEnabled
                0x08000f24       0x28 ./Drivers/STM32H7xx_HAL_Driver/Src/stm32h7xx_hal_adc.o
 .text.LL_ADC_EnableInternalRegulator
                0x08000f4c       0x28 ./Drivers/STM32H7xx_HAL_Driver/Src/stm32h7xx_hal_adc.o
 .text.LL_ADC_IsInternalRegulatorEnabled
                0x08000f74       0x28 ./Drivers/STM32H7xx_HAL_Driver/Src/stm32h7xx_hal_adc.o
 .text.LL_ADC_Enable
                0x08000f9c       0x28 ./Drivers/STM32H7xx_HAL_Driver/Src/stm32h7xx_hal_adc.o
 .text.LL_ADC_IsEnabled
                0x08000fc4       0x26 ./Drivers/STM32H7xx_HAL_Driver/Src/stm32h7xx_hal_adc.o
 *fill*         0x08000fea        0x2 
 .text.LL_ADC_REG_StartConversion
                0x08000fec       0x28 ./Drivers/STM32H7xx_HAL_Driver/Src/stm32h7xx_hal_adc.o
 .text.LL_ADC_REG_IsConversionOngoing
                0x08001014       0x26 ./Drivers/STM32H7xx_HAL_Driver/Src/stm32h7xx_hal_adc.o
 .text.LL_ADC_INJ_IsConversionOngoing
                0x0800103a       0x26 ./Drivers/STM32H7xx_HAL_Driver/Src/stm32h7xx_hal_adc.o
 .text.HAL_ADC_Init
                0x08001060      0x410 ./Drivers/STM32H7xx_HAL_Driver/Src/stm32h7xx_hal_adc.o
                0x08001060                HAL_ADC_Init
 .text.HAL_ADC_Start
                0x08001470      0x194 ./Drivers/STM32H7xx_HAL_Driver/Src/stm32h7xx_hal_adc.o
                0x08001470                HAL_ADC_Start
 .text.HAL_ADC_PollForConversion
                0x08001604      0x1e8 ./Drivers/STM32H7xx_HAL_Driver/Src/stm32h7xx_hal_adc.o
                0x08001604                HAL_ADC_PollForConversion
 .text.HAL_ADC_GetValue
                0x080017ec       0x1a ./Drivers/STM32H7xx_HAL_Driver/Src/stm32h7xx_hal_adc.o
                0x080017ec                HAL_ADC_GetValue
 *fill*         0x08001806        0x2 
 .text.HAL_ADC_ConfigChannel
                0x08001808      0x9a8 ./Drivers/STM32H7xx_HAL_Driver/Src/stm32h7xx_hal_adc.o
                0x08001808                HAL_ADC_ConfigChannel
 .text.ADC_Enable
                0x080021b0      0x114 ./Drivers/STM32H7xx_HAL_Driver/Src/stm32h7xx_hal_adc.o
                0x080021b0                ADC_Enable
 .text.ADC_ConfigureBoostMode
                0x080022c4      0x1dc ./Drivers/STM32H7xx_HAL_Driver/Src/stm32h7xx_hal_adc.o
                0x080022c4                ADC_ConfigureBoostMode
 .text.LL_ADC_IsEnabled
                0x080024a0       0x26 ./Drivers/STM32H7xx_HAL_Driver/Src/stm32h7xx_hal_adc_ex.o
 .text.LL_ADC_REG_IsConversionOngoing
                0x080024c6       0x26 ./Drivers/STM32H7xx_HAL_Driver/Src/stm32h7xx_hal_adc_ex.o
 .text.HAL_ADCEx_MultiModeConfigChannel
                0x080024ec      0x1c4 ./Drivers/STM32H7xx_HAL_Driver/Src/stm32h7xx_hal_adc_ex.o
                0x080024ec                HAL_ADCEx_MultiModeConfigChannel
 .text.__NVIC_SetPriorityGrouping
                0x080026b0       0x48 ./Drivers/STM32H7xx_HAL_Driver/Src/stm32h7xx_hal_cortex.o
 .text.__NVIC_GetPriorityGrouping
                0x080026f8       0x1c ./Drivers/STM32H7xx_HAL_Driver/Src/stm32h7xx_hal_cortex.o
 .text.__NVIC_SetPriority
                0x08002714       0x54 ./Drivers/STM32H7xx_HAL_Driver/Src/stm32h7xx_hal_cortex.o
 .text.NVIC_EncodePriority
                0x08002768       0x66 ./Drivers/STM32H7xx_HAL_Driver/Src/stm32h7xx_hal_cortex.o
 *fill*         0x080027ce        0x2 
 .text.SysTick_Config
                0x080027d0       0x44 ./Drivers/STM32H7xx_HAL_Driver/Src/stm32h7xx_hal_cortex.o
 .text.HAL_NVIC_SetPriorityGrouping
                0x08002814       0x16 ./Drivers/STM32H7xx_HAL_Driver/Src/stm32h7xx_hal_cortex.o
                0x08002814                HAL_NVIC_SetPriorityGrouping
 .text.HAL_NVIC_SetPriority
                0x0800282a       0x34 ./Drivers/STM32H7xx_HAL_Driver/Src/stm32h7xx_hal_cortex.o
                0x0800282a                HAL_NVIC_SetPriority
 .text.HAL_SYSTICK_Config
                0x0800285e       0x18 ./Drivers/STM32H7xx_HAL_Driver/Src/stm32h7xx_hal_cortex.o
                0x0800285e                HAL_SYSTICK_Config
 *fill*         0x08002876        0x2 
 .text.HAL_MPU_Disable
                0x08002878       0x30 ./Drivers/STM32H7xx_HAL_Driver/Src/stm32h7xx_hal_cortex.o
                0x08002878                HAL_MPU_Disable
 .text.HAL_MPU_Enable
                0x080028a8       0x40 ./Drivers/STM32H7xx_HAL_Driver/Src/stm32h7xx_hal_cortex.o
                0x080028a8                HAL_MPU_Enable
 .text.HAL_MPU_ConfigRegion
                0x080028e8       0x80 ./Drivers/STM32H7xx_HAL_Driver/Src/stm32h7xx_hal_cortex.o
                0x080028e8                HAL_MPU_ConfigRegion
 .text.HAL_GPIO_Init
                0x08002968      0x350 ./Drivers/STM32H7xx_HAL_Driver/Src/stm32h7xx_hal_gpio.o
                0x08002968                HAL_GPIO_Init
 .text.HAL_GPIO_WritePin
                0x08002cb8       0x32 ./Drivers/STM32H7xx_HAL_Driver/Src/stm32h7xx_hal_gpio.o
                0x08002cb8                HAL_GPIO_WritePin
 *fill*         0x08002cea        0x2 
 .text.HAL_PWREx_ConfigSupply
                0x08002cec       0x74 ./Drivers/STM32H7xx_HAL_Driver/Src/stm32h7xx_hal_pwr_ex.o
                0x08002cec                HAL_PWREx_ConfigSupply
 .text.HAL_RCC_OscConfig
                0x08002d60      0x7b4 ./Drivers/STM32H7xx_HAL_Driver/Src/stm32h7xx_hal_rcc.o
                0x08002d60                HAL_RCC_OscConfig
 .text.HAL_RCC_ClockConfig
                0x08003514      0x36c ./Drivers/STM32H7xx_HAL_Driver/Src/stm32h7xx_hal_rcc.o
                0x08003514                HAL_RCC_ClockConfig
 .text.HAL_RCC_GetSysClockFreq
                0x08003880      0x2f4 ./Drivers/STM32H7xx_HAL_Driver/Src/stm32h7xx_hal_rcc.o
                0x08003880                HAL_RCC_GetSysClockFreq
 .text.HAL_RCC_GetHCLKFreq
                0x08003b74       0x60 ./Drivers/STM32H7xx_HAL_Driver/Src/stm32h7xx_hal_rcc.o
                0x08003b74                HAL_RCC_GetHCLKFreq
 .text.HAL_RCC_GetPCLK1Freq
                0x08003bd4       0x2c ./Drivers/STM32H7xx_HAL_Driver/Src/stm32h7xx_hal_rcc.o
                0x08003bd4                HAL_RCC_GetPCLK1Freq
 .text.HAL_RCCEx_PeriphCLKConfig
                0x08003c00     0x1340 ./Drivers/STM32H7xx_HAL_Driver/Src/stm32h7xx_hal_rcc_ex.o
                0x08003c00                HAL_RCCEx_PeriphCLKConfig
 .text.HAL_RCCEx_GetPeriphCLKFreq
                0x08004f40      0x9a4 ./Drivers/STM32H7xx_HAL_Driver/Src/stm32h7xx_hal_rcc_ex.o
                0x08004f40                HAL_RCCEx_GetPeriphCLKFreq
 .text.HAL_RCCEx_GetD3PCLK1Freq
                0x080058e4       0x2c ./Drivers/STM32H7xx_HAL_Driver/Src/stm32h7xx_hal_rcc_ex.o
                0x080058e4                HAL_RCCEx_GetD3PCLK1Freq
 .text.HAL_RCCEx_GetPLL2ClockFreq
                0x08005910      0x2a8 ./Drivers/STM32H7xx_HAL_Driver/Src/stm32h7xx_hal_rcc_ex.o
                0x08005910                HAL_RCCEx_GetPLL2ClockFreq
 .text.HAL_RCCEx_GetPLL3ClockFreq
                0x08005bb8      0x2a8 ./Drivers/STM32H7xx_HAL_Driver/Src/stm32h7xx_hal_rcc_ex.o
                0x08005bb8                HAL_RCCEx_GetPLL3ClockFreq
 .text.HAL_RCCEx_GetPLL1ClockFreq
                0x08005e60      0x2a4 ./Drivers/STM32H7xx_HAL_Driver/Src/stm32h7xx_hal_rcc_ex.o
                0x08005e60                HAL_RCCEx_GetPLL1ClockFreq
 .text.RCCEx_PLL2_Config
                0x08006104      0x164 ./Drivers/STM32H7xx_HAL_Driver/Src/stm32h7xx_hal_rcc_ex.o
 .text.RCCEx_PLL3_Config
                0x08006268      0x164 ./Drivers/STM32H7xx_HAL_Driver/Src/stm32h7xx_hal_rcc_ex.o
 .text.memset   0x080063cc       0x10 /Applications/STM32CubeIDE.app/Contents/Eclipse/plugins/com.st.stm32cube.ide.mcu.externaltools.gnu-tools-for-stm32.13.3.rel1.macos64_1.0.0.202411102158/tools/bin/../lib/gcc/arm-none-eabi/13.3.1/../../../../arm-none-eabi/lib/thumb/v7e-m+dp/hard/libc_nano.a(libc_a-memset.o)
                0x080063cc                memset
 .text.__libc_init_array
                0x080063dc       0x48 /Applications/STM32CubeIDE.app/Contents/Eclipse/plugins/com.st.stm32cube.ide.mcu.externaltools.gnu-tools-for-stm32.13.3.rel1.macos64_1.0.0.202411102158/tools/bin/../lib/gcc/arm-none-eabi/13.3.1/../../../../arm-none-eabi/lib/thumb/v7e-m+dp/hard/libc_nano.a(libc_a-init.o)
                0x080063dc                __libc_init_array
 *(.glue_7)
 .glue_7        0x08006424        0x0 linker stubs
 *(.glue_7t)
 .glue_7t       0x08006424        0x0 linker stubs
 *(.eh_frame)
 .eh_frame      0x08006424        0x0 /Applications/STM32CubeIDE.app/Contents/Eclipse/plugins/com.st.stm32cube.ide.mcu.externaltools.gnu-tools-for-stm32.13.3.rel1.macos64_1.0.0.202411102158/tools/bin/../lib/gcc/arm-none-eabi/13.3.1/thumb/v7e-m+dp/hard/crtbegin.o
 *(.init)
 .init          0x08006424        0x4 /Applications/STM32CubeIDE.app/Contents/Eclipse/plugins/com.st.stm32cube.ide.mcu.externaltools.gnu-tools-for-stm32.13.3.rel1.macos64_1.0.0.202411102158/tools/bin/../lib/gcc/arm-none-eabi/13.3.1/thumb/v7e-m+dp/hard/crti.o
                0x08006424                _init
 .init          0x08006428        0x8 /Applications/STM32CubeIDE.app/Contents/Eclipse/plugins/com.st.stm32cube.ide.mcu.externaltools.gnu-tools-for-stm32.13.3.rel1.macos64_1.0.0.202411102158/tools/bin/../lib/gcc/arm-none-eabi/13.3.1/thumb/v7e-m+dp/hard/crtn.o
 *(.fini)
 .fini          0x08006430        0x4 /Applications/STM32CubeIDE.app/Contents/Eclipse/plugins/com.st.stm32cube.ide.mcu.externaltools.gnu-tools-for-stm32.13.3.rel1.macos64_1.0.0.202411102158/tools/bin/../lib/gcc/arm-none-eabi/13.3.1/thumb/v7e-m+dp/hard/crti.o
                0x08006430                _fini
 .fini          0x08006434        0x8 /Applications/STM32CubeIDE.app/Contents/Eclipse/plugins/com.st.stm32cube.ide.mcu.externaltools.gnu-tools-for-stm32.13.3.rel1.macos64_1.0.0.202411102158/tools/bin/../lib/gcc/arm-none-eabi/13.3.1/thumb/v7e-m+dp/hard/crtn.o
                0x0800643c                        . = ALIGN (0x4)
                0x0800643c                        _etext = .

.vfp11_veneer   0x0800643c        0x0
 .vfp11_veneer  0x0800643c        0x0 linker stubs

.v4_bx          0x0800643c        0x0
 .v4_bx         0x0800643c        0x0 linker stubs

.iplt           0x0800643c        0x0
 .iplt          0x0800643c        0x0 /Applications/STM32CubeIDE.app/Contents/Eclipse/plugins/com.st.stm32cube.ide.mcu.externaltools.gnu-tools-for-stm32.13.3.rel1.macos64_1.0.0.202411102158/tools/bin/../lib/gcc/arm-none-eabi/13.3.1/thumb/v7e-m+dp/hard/crtbegin.o

.rodata         0x0800643c       0x10
                0x0800643c                        . = ALIGN (0x4)
 *(.rodata)
 *(.rodata*)
 .rodata.D1CorePrescTable
                0x0800643c       0x10 ./Core/Src/system_stm32h7xx.o
                0x0800643c                D1CorePrescTable
                0x0800644c                        . = ALIGN (0x4)

.ARM.extab
 *(.ARM.extab* .gnu.linkonce.armextab.*)

.ARM            0x0800644c        0x0
                0x0800644c                        __exidx_start = .
 *(.ARM.exidx*)
                0x0800644c                        __exidx_end = .

.preinit_array  0x0800644c        0x0
                0x0800644c                        PROVIDE (__preinit_array_start = .)
 *(.preinit_array*)
                0x0800644c                        PROVIDE (__preinit_array_end = .)

.init_array     0x0800644c        0x4
                0x0800644c                        PROVIDE (__init_array_start = .)
 *(SORT_BY_NAME(.init_array.*))
 *(.init_array*)
 .init_array    0x0800644c        0x4 /Applications/STM32CubeIDE.app/Contents/Eclipse/plugins/com.st.stm32cube.ide.mcu.externaltools.gnu-tools-for-stm32.13.3.rel1.macos64_1.0.0.202411102158/tools/bin/../lib/gcc/arm-none-eabi/13.3.1/thumb/v7e-m+dp/hard/crtbegin.o
                0x08006450                        PROVIDE (__init_array_end = .)

.fini_array     0x08006450        0x4
                [!provide]                        PROVIDE (__fini_array_start = .)
 *(SORT_BY_NAME(.fini_array.*))
 *(.fini_array*)
 .fini_array    0x08006450        0x4 /Applications/STM32CubeIDE.app/Contents/Eclipse/plugins/com.st.stm32cube.ide.mcu.externaltools.gnu-tools-for-stm32.13.3.rel1.macos64_1.0.0.202411102158/tools/bin/../lib/gcc/arm-none-eabi/13.3.1/thumb/v7e-m+dp/hard/crtbegin.o
                [!provide]                        PROVIDE (__fini_array_end = .)
                0x08006454                        _sidata = LOADADDR (.data)

.rel.dyn        0x08006454        0x0
 .rel.iplt      0x08006454        0x0 /Applications/STM32CubeIDE.app/Contents/Eclipse/plugins/com.st.stm32cube.ide.mcu.externaltools.gnu-tools-for-stm32.13.3.rel1.macos64_1.0.0.202411102158/tools/bin/../lib/gcc/arm-none-eabi/13.3.1/thumb/v7e-m+dp/hard/crtbegin.o

.data           0x24000000       0x10 load address 0x08006454
                0x24000000                        . = ALIGN (0x4)
                0x24000000                        _sdata = .
 *(.data)
 *(.data*)
 .data.SystemCoreClock
                0x24000000        0x4 ./Core/Src/system_stm32h7xx.o
                0x24000000                SystemCoreClock
 .data.SystemD2Clock
                0x24000004        0x4 ./Core/Src/system_stm32h7xx.o
                0x24000004                SystemD2Clock
 .data.uwTickPrio
                0x24000008        0x4 ./Drivers/STM32H7xx_HAL_Driver/Src/stm32h7xx_hal.o
                0x24000008                uwTickPrio
 .data.uwTickFreq
                0x2400000c        0x1 ./Drivers/STM32H7xx_HAL_Driver/Src/stm32h7xx_hal.o
                0x2400000c                uwTickFreq
 *(.RamFunc)
 *(.RamFunc*)
                0x24000010                        . = ALIGN (0x4)
 *fill*         0x2400000d        0x3 
                0x24000010                        _edata = .

.igot.plt       0x24000010        0x0 load address 0x08006464
 .igot.plt      0x24000010        0x0 /Applications/STM32CubeIDE.app/Contents/Eclipse/plugins/com.st.stm32cube.ide.mcu.externaltools.gnu-tools-for-stm32.13.3.rel1.macos64_1.0.0.202411102158/tools/bin/../lib/gcc/arm-none-eabi/13.3.1/thumb/v7e-m+dp/hard/crtbegin.o
                0x24000010                        . = ALIGN (0x4)

.bss            0x24000010       0x94 load address 0x08006464
                0x24000010                        _sbss = .
                0x24000010                        __bss_start__ = _sbss
 *(.bss)
 .bss           0x24000010       0x1c /Applications/STM32CubeIDE.app/Contents/Eclipse/plugins/com.st.stm32cube.ide.mcu.externaltools.gnu-tools-for-stm32.13.3.rel1.macos64_1.0.0.202411102158/tools/bin/../lib/gcc/arm-none-eabi/13.3.1/thumb/v7e-m+dp/hard/crtbegin.o
 *(.bss*)
 .bss.hadc1     0x2400002c       0x70 ./Core/Src/main.o
                0x2400002c                hadc1
 .bss.gas       0x2400009c        0x4 ./Core/Src/main.o
                0x2400009c                gas
 .bss.uwTick    0x240000a0        0x4 ./Drivers/STM32H7xx_HAL_Driver/Src/stm32h7xx_hal.o
                0x240000a0                uwTick
 *(COMMON)
                0x240000a4                        . = ALIGN (0x4)
                0x240000a4                        _ebss = .
                0x240000a4                        __bss_end__ = _ebss

._user_heap_stack
                0x240000a4      0x604 load address 0x08006464
                0x240000a8                        . = ALIGN (0x8)
 *fill*         0x240000a4        0x4 
                [!provide]                        PROVIDE (end = .)
                0x240000a8                        PROVIDE (_end = .)
                0x240002a8                        . = (. + _Min_Heap_Size)
 *fill*         0x240000a8      0x200 
                0x240006a8                        . = (. + _Min_Stack_Size)
 *fill*         0x240002a8      0x400 
                0x240006a8                        . = ALIGN (0x8)

/DISCARD/
 libc.a(*)
 libm.a(*)
 libgcc.a(*)

.ARM.attributes
                0x00000000       0x2e
 *(.ARM.attributes)
 .ARM.attributes
                0x00000000       0x20 /Applications/STM32CubeIDE.app/Contents/Eclipse/plugins/com.st.stm32cube.ide.mcu.externaltools.gnu-tools-for-stm32.13.3.rel1.macos64_1.0.0.202411102158/tools/bin/../lib/gcc/arm-none-eabi/13.3.1/thumb/v7e-m+dp/hard/crti.o
 .ARM.attributes
                0x00000020       0x32 /Applications/STM32CubeIDE.app/Contents/Eclipse/plugins/com.st.stm32cube.ide.mcu.externaltools.gnu-tools-for-stm32.13.3.rel1.macos64_1.0.0.202411102158/tools/bin/../lib/gcc/arm-none-eabi/13.3.1/thumb/v7e-m+dp/hard/crtbegin.o
 .ARM.attributes
                0x00000052       0x32 ./Core/Src/main.o
 .ARM.attributes
                0x00000084       0x32 ./Core/Src/stm32h7xx_hal_msp.o
 .ARM.attributes
                0x000000b6       0x32 ./Core/Src/stm32h7xx_it.o
 .ARM.attributes
                0x000000e8       0x32 ./Core/Src/system_stm32h7xx.o
 .ARM.attributes
                0x0000011a       0x21 ./Core/Startup/startup_stm32h723zgtx.o
 .ARM.attributes
                0x0000013b       0x32 ./Drivers/STM32H7xx_HAL_Driver/Src/stm32h7xx_hal.o
 .ARM.attributes
                0x0000016d       0x32 ./Drivers/STM32H7xx_HAL_Driver/Src/stm32h7xx_hal_adc.o
 .ARM.attributes
                0x0000019f       0x32 ./Drivers/STM32H7xx_HAL_Driver/Src/stm32h7xx_hal_adc_ex.o
 .ARM.attributes
                0x000001d1       0x32 ./Drivers/STM32H7xx_HAL_Driver/Src/stm32h7xx_hal_cortex.o
 .ARM.attributes
                0x00000203       0x32 ./Drivers/STM32H7xx_HAL_Driver/Src/stm32h7xx_hal_gpio.o
 .ARM.attributes
                0x00000235       0x32 ./Drivers/STM32H7xx_HAL_Driver/Src/stm32h7xx_hal_pwr_ex.o
 .ARM.attributes
                0x00000267       0x32 ./Drivers/STM32H7xx_HAL_Driver/Src/stm32h7xx_hal_rcc.o
 .ARM.attributes
                0x00000299       0x32 ./Drivers/STM32H7xx_HAL_Driver/Src/stm32h7xx_hal_rcc_ex.o
 .ARM.attributes
                0x000002cb       0x32 /Applications/STM32CubeIDE.app/Contents/Eclipse/plugins/com.st.stm32cube.ide.mcu.externaltools.gnu-tools-for-stm32.13.3.rel1.macos64_1.0.0.202411102158/tools/bin/../lib/gcc/arm-none-eabi/13.3.1/../../../../arm-none-eabi/lib/thumb/v7e-m+dp/hard/libc_nano.a(libc_a-memset.o)
 .ARM.attributes
                0x000002fd       0x32 /Applications/STM32CubeIDE.app/Contents/Eclipse/plugins/com.st.stm32cube.ide.mcu.externaltools.gnu-tools-for-stm32.13.3.rel1.macos64_1.0.0.202411102158/tools/bin/../lib/gcc/arm-none-eabi/13.3.1/../../../../arm-none-eabi/lib/thumb/v7e-m+dp/hard/libc_nano.a(libc_a-init.o)
 .ARM.attributes
                0x0000032f       0x20 /Applications/STM32CubeIDE.app/Contents/Eclipse/plugins/com.st.stm32cube.ide.mcu.externaltools.gnu-tools-for-stm32.13.3.rel1.macos64_1.0.0.202411102158/tools/bin/../lib/gcc/arm-none-eabi/13.3.1/thumb/v7e-m+dp/hard/crtn.o
OUTPUT(gassensor.elf elf32-littlearm)
LOAD linker stubs
LOAD /Applications/STM32CubeIDE.app/Contents/Eclipse/plugins/com.st.stm32cube.ide.mcu.externaltools.gnu-tools-for-stm32.13.3.rel1.macos64_1.0.0.202411102158/tools/bin/../lib/gcc/arm-none-eabi/13.3.1/../../../../arm-none-eabi/lib/thumb/v7e-m+dp/hard/libc.a
LOAD /Applications/STM32CubeIDE.app/Contents/Eclipse/plugins/com.st.stm32cube.ide.mcu.externaltools.gnu-tools-for-stm32.13.3.rel1.macos64_1.0.0.202411102158/tools/bin/../lib/gcc/arm-none-eabi/13.3.1/../../../../arm-none-eabi/lib/thumb/v7e-m+dp/hard/libm.a
LOAD /Applications/STM32CubeIDE.app/Contents/Eclipse/plugins/com.st.stm32cube.ide.mcu.externaltools.gnu-tools-for-stm32.13.3.rel1.macos64_1.0.0.202411102158/tools/bin/../lib/gcc/arm-none-eabi/13.3.1/thumb/v7e-m+dp/hard/libgcc.a

.debug_info     0x00000000     0xd9e2
 .debug_info    0x00000000     0x1458 ./Core/Src/main.o
 .debug_info    0x00001458     0x1125 ./Core/Src/stm32h7xx_hal_msp.o
 .debug_info    0x0000257d      0x128 ./Core/Src/stm32h7xx_it.o
 .debug_info    0x000026a5      0xbf0 ./Core/Src/system_stm32h7xx.o
 .debug_info    0x00003295       0x30 ./Core/Startup/startup_stm32h723zgtx.o
 .debug_info    0x000032c5     0x1698 ./Drivers/STM32H7xx_HAL_Driver/Src/stm32h7xx_hal.o
 .debug_info    0x0000495d     0x2320 ./Drivers/STM32H7xx_HAL_Driver/Src/stm32h7xx_hal_adc.o
 .debug_info    0x00006c7d     0x22fa ./Drivers/STM32H7xx_HAL_Driver/Src/stm32h7xx_hal_adc_ex.o
 .debug_info    0x00008f77     0x10a5 ./Drivers/STM32H7xx_HAL_Driver/Src/stm32h7xx_hal_cortex.o
 .debug_info    0x0000a01c      0xc6b ./Drivers/STM32H7xx_HAL_Driver/Src/stm32h7xx_hal_gpio.o
 .debug_info    0x0000ac87      0xdce ./Drivers/STM32H7xx_HAL_Driver/Src/stm32h7xx_hal_pwr_ex.o
 .debug_info    0x0000ba55      0xd82 ./Drivers/STM32H7xx_HAL_Driver/Src/stm32h7xx_hal_rcc.o
 .debug_info    0x0000c7d7     0x120b ./Drivers/STM32H7xx_HAL_Driver/Src/stm32h7xx_hal_rcc_ex.o

.debug_abbrev   0x00000000     0x1c74
 .debug_abbrev  0x00000000      0x2b0 ./Core/Src/main.o
 .debug_abbrev  0x000002b0      0x203 ./Core/Src/stm32h7xx_hal_msp.o
 .debug_abbrev  0x000004b3       0x73 ./Core/Src/stm32h7xx_it.o
 .debug_abbrev  0x00000526      0x153 ./Core/Src/system_stm32h7xx.o
 .debug_abbrev  0x00000679       0x24 ./Core/Startup/startup_stm32h723zgtx.o
 .debug_abbrev  0x0000069d      0x29e ./Drivers/STM32H7xx_HAL_Driver/Src/stm32h7xx_hal.o
 .debug_abbrev  0x0000093b      0x307 ./Drivers/STM32H7xx_HAL_Driver/Src/stm32h7xx_hal_adc.o
 .debug_abbrev  0x00000c42      0x345 ./Drivers/STM32H7xx_HAL_Driver/Src/stm32h7xx_hal_adc_ex.o
 .debug_abbrev  0x00000f87      0x339 ./Drivers/STM32H7xx_HAL_Driver/Src/stm32h7xx_hal_cortex.o
 .debug_abbrev  0x000012c0      0x205 ./Drivers/STM32H7xx_HAL_Driver/Src/stm32h7xx_hal_gpio.o
 .debug_abbrev  0x000014c5      0x295 ./Drivers/STM32H7xx_HAL_Driver/Src/stm32h7xx_hal_pwr_ex.o
 .debug_abbrev  0x0000175a      0x2b1 ./Drivers/STM32H7xx_HAL_Driver/Src/stm32h7xx_hal_rcc.o
 .debug_abbrev  0x00001a0b      0x269 ./Drivers/STM32H7xx_HAL_Driver/Src/stm32h7xx_hal_rcc_ex.o

.debug_aranges  0x00000000      0xba8
 .debug_aranges
                0x00000000       0x48 ./Core/Src/main.o
 .debug_aranges
                0x00000048       0x30 ./Core/Src/stm32h7xx_hal_msp.o
 .debug_aranges
                0x00000078       0x60 ./Core/Src/stm32h7xx_it.o
 .debug_aranges
                0x000000d8       0x30 ./Core/Src/system_stm32h7xx.o
 .debug_aranges
                0x00000108       0x28 ./Core/Startup/startup_stm32h723zgtx.o
 .debug_aranges
                0x00000130      0x1c8 ./Drivers/STM32H7xx_HAL_Driver/Src/stm32h7xx_hal.o
 .debug_aranges
                0x000002f8      0x268 ./Drivers/STM32H7xx_HAL_Driver/Src/stm32h7xx_hal_adc.o
 .debug_aranges
                0x00000560      0x1f8 ./Drivers/STM32H7xx_HAL_Driver/Src/stm32h7xx_hal_adc_ex.o
 .debug_aranges
                0x00000758      0x130 ./Drivers/STM32H7xx_HAL_Driver/Src/stm32h7xx_hal_cortex.o
 .debug_aranges
                0x00000888       0x58 ./Drivers/STM32H7xx_HAL_Driver/Src/stm32h7xx_hal_gpio.o
 .debug_aranges
                0x000008e0      0x148 ./Drivers/STM32H7xx_HAL_Driver/Src/stm32h7xx_hal_pwr_ex.o
 .debug_aranges
                0x00000a28       0x88 ./Drivers/STM32H7xx_HAL_Driver/Src/stm32h7xx_hal_rcc.o
 .debug_aranges
                0x00000ab0       0xf8 ./Drivers/STM32H7xx_HAL_Driver/Src/stm32h7xx_hal_rcc_ex.o

.debug_rnglists
                0x00000000      0x8c5
 .debug_rnglists
                0x00000000       0x34 ./Core/Src/main.o
 .debug_rnglists
                0x00000034       0x20 ./Core/Src/stm32h7xx_hal_msp.o
 .debug_rnglists
                0x00000054       0x43 ./Core/Src/stm32h7xx_it.o
 .debug_rnglists
                0x00000097       0x21 ./Core/Src/system_stm32h7xx.o
 .debug_rnglists
                0x000000b8       0x19 ./Core/Startup/startup_stm32h723zgtx.o
 .debug_rnglists
                0x000000d1      0x155 ./Drivers/STM32H7xx_HAL_Driver/Src/stm32h7xx_hal.o
 .debug_rnglists
                0x00000226      0x1db ./Drivers/STM32H7xx_HAL_Driver/Src/stm32h7xx_hal_adc.o
 .debug_rnglists
                0x00000401      0x188 ./Drivers/STM32H7xx_HAL_Driver/Src/stm32h7xx_hal_adc_ex.o
 .debug_rnglists
                0x00000589       0xe0 ./Drivers/STM32H7xx_HAL_Driver/Src/stm32h7xx_hal_cortex.o
 .debug_rnglists
                0x00000669       0x3f ./Drivers/STM32H7xx_HAL_Driver/Src/stm32h7xx_hal_gpio.o
 .debug_rnglists
                0x000006a8       0xf5 ./Drivers/STM32H7xx_HAL_Driver/Src/stm32h7xx_hal_pwr_ex.o
 .debug_rnglists
                0x0000079d       0x68 ./Drivers/STM32H7xx_HAL_Driver/Src/stm32h7xx_hal_rcc.o
 .debug_rnglists
                0x00000805       0xc0 ./Drivers/STM32H7xx_HAL_Driver/Src/stm32h7xx_hal_rcc_ex.o

.debug_macro    0x00000000    0x32ad0
 .debug_macro   0x00000000      0x2ad ./Core/Src/main.o
 .debug_macro   0x000002ad      0xaf6 ./Core/Src/main.o
 .debug_macro   0x00000da3      0x232 ./Core/Src/main.o
 .debug_macro   0x00000fd5       0x2e ./Core/Src/main.o
 .debug_macro   0x00001003       0x3b ./Core/Src/main.o
 .debug_macro   0x0000103e       0x22 ./Core/Src/main.o
 .debug_macro   0x00001060       0x8e ./Core/Src/main.o
 .debug_macro   0x000010ee       0x51 ./Core/Src/main.o
 .debug_macro   0x0000113f      0x103 ./Core/Src/main.o
 .debug_macro   0x00001242       0x6a ./Core/Src/main.o
 .debug_macro   0x000012ac      0x1df ./Core/Src/main.o
 .debug_macro   0x0000148b       0x1c ./Core/Src/main.o
 .debug_macro   0x000014a7       0x22 ./Core/Src/main.o
 .debug_macro   0x000014c9       0xfb ./Core/Src/main.o
 .debug_macro   0x000015c4     0x1305 ./Core/Src/main.o
 .debug_macro   0x000028c9      0x11f ./Core/Src/main.o
 .debug_macro   0x000029e8       0x27 ./Core/Src/main.o
 .debug_macro   0x00002a0f    0x216c1 ./Core/Src/main.o
 .debug_macro   0x000240d0       0x6d ./Core/Src/main.o
 .debug_macro   0x0002413d     0x3d64 ./Core/Src/main.o
 .debug_macro   0x00027ea1      0x190 ./Core/Src/main.o
 .debug_macro   0x00028031       0x61 ./Core/Src/main.o
 .debug_macro   0x00028092       0x29 ./Core/Src/main.o
 .debug_macro   0x000280bb       0x43 ./Core/Src/main.o
 .debug_macro   0x000280fe       0x34 ./Core/Src/main.o
 .debug_macro   0x00028132      0x370 ./Core/Src/main.o
 .debug_macro   0x000284a2       0x16 ./Core/Src/main.o
 .debug_macro   0x000284b8       0x4a ./Core/Src/main.o
 .debug_macro   0x00028502       0x34 ./Core/Src/main.o
 .debug_macro   0x00028536       0x10 ./Core/Src/main.o
 .debug_macro   0x00028546       0x58 ./Core/Src/main.o
 .debug_macro   0x0002859e       0x8e ./Core/Src/main.o
 .debug_macro   0x0002862c       0x1c ./Core/Src/main.o
 .debug_macro   0x00028648      0x185 ./Core/Src/main.o
 .debug_macro   0x000287cd      0x19b ./Core/Src/main.o
 .debug_macro   0x00028968       0x5d ./Core/Src/main.o
 .debug_macro   0x000289c5     0x2462 ./Core/Src/main.o
 .debug_macro   0x0002ae27     0x1079 ./Core/Src/main.o
 .debug_macro   0x0002bea0      0x154 ./Core/Src/main.o
 .debug_macro   0x0002bff4      0x114 ./Core/Src/main.o
 .debug_macro   0x0002c108      0x3fc ./Core/Src/main.o
 .debug_macro   0x0002c504       0xac ./Core/Src/main.o
 .debug_macro   0x0002c5b0      0x788 ./Core/Src/main.o
 .debug_macro   0x0002cd38      0x228 ./Core/Src/main.o
 .debug_macro   0x0002cf60       0x66 ./Core/Src/main.o
 .debug_macro   0x0002cfc6      0x3a6 ./Core/Src/main.o
 .debug_macro   0x0002d36c      0x3f9 ./Core/Src/main.o
 .debug_macro   0x0002d765      0x275 ./Core/Src/main.o
 .debug_macro   0x0002d9da     0x1178 ./Core/Src/main.o
 .debug_macro   0x0002eb52      0x7c8 ./Core/Src/main.o
 .debug_macro   0x0002f31a      0x3bb ./Core/Src/main.o
 .debug_macro   0x0002f6d5      0x3ca ./Core/Src/main.o
 .debug_macro   0x0002fa9f      0x45c ./Core/Src/main.o
 .debug_macro   0x0002fefb       0x3c ./Core/Src/main.o
 .debug_macro   0x0002ff37       0x4a ./Core/Src/main.o
 .debug_macro   0x0002ff81      0x22c ./Core/Src/main.o
 .debug_macro   0x000301ad       0x67 ./Core/Src/main.o
 .debug_macro   0x00030214       0xa5 ./Core/Src/main.o
 .debug_macro   0x000302b9      0x1c4 ./Core/Src/main.o
 .debug_macro   0x0003047d      0x22a ./Core/Src/main.o
 .debug_macro   0x000306a7       0x35 ./Core/Src/main.o
 .debug_macro   0x000306dc      0x5f2 ./Core/Src/main.o
 .debug_macro   0x00030cce      0x2ad ./Core/Src/stm32h7xx_hal_msp.o
 .debug_macro   0x00030f7b      0x2b7 ./Core/Src/stm32h7xx_it.o
 .debug_macro   0x00031232      0x2a3 ./Core/Src/system_stm32h7xx.o
 .debug_macro   0x000314d5      0x2cd ./Drivers/STM32H7xx_HAL_Driver/Src/stm32h7xx_hal.o
 .debug_macro   0x000317a2      0x2ce ./Drivers/STM32H7xx_HAL_Driver/Src/stm32h7xx_hal_adc.o
 .debug_macro   0x00031a70      0x2af ./Drivers/STM32H7xx_HAL_Driver/Src/stm32h7xx_hal_adc_ex.o
 .debug_macro   0x00031d1f      0x2a3 ./Drivers/STM32H7xx_HAL_Driver/Src/stm32h7xx_hal_cortex.o
 .debug_macro   0x00031fc2      0x2aa ./Drivers/STM32H7xx_HAL_Driver/Src/stm32h7xx_hal_gpio.o
 .debug_macro   0x0003226c      0x2dc ./Drivers/STM32H7xx_HAL_Driver/Src/stm32h7xx_hal_pwr_ex.o
 .debug_macro   0x00032548      0x2c7 ./Drivers/STM32H7xx_HAL_Driver/Src/stm32h7xx_hal_rcc.o
 .debug_macro   0x0003280f      0x2c1 ./Drivers/STM32H7xx_HAL_Driver/Src/stm32h7xx_hal_rcc_ex.o

.debug_line     0x00000000     0xd948
 .debug_line    0x00000000      0x9e4 ./Core/Src/main.o
 .debug_line    0x000009e4      0x8c4 ./Core/Src/stm32h7xx_hal_msp.o
 .debug_line    0x000012a8      0x905 ./Core/Src/stm32h7xx_it.o
 .debug_line    0x00001bad      0xa4a ./Core/Src/system_stm32h7xx.o
 .debug_line    0x000025f7       0x7b ./Core/Startup/startup_stm32h723zgtx.o
 .debug_line    0x00002672      0xebf ./Drivers/STM32H7xx_HAL_Driver/Src/stm32h7xx_hal.o
 .debug_line    0x00003531     0x2752 ./Drivers/STM32H7xx_HAL_Driver/Src/stm32h7xx_hal_adc.o
 .debug_line    0x00005c83     0x21e1 ./Drivers/STM32H7xx_HAL_Driver/Src/stm32h7xx_hal_adc_ex.o
 .debug_line    0x00007e64      0xe18 ./Drivers/STM32H7xx_HAL_Driver/Src/stm32h7xx_hal_cortex.o
 .debug_line    0x00008c7c      0xca3 ./Drivers/STM32H7xx_HAL_Driver/Src/stm32h7xx_hal_gpio.o
 .debug_line    0x0000991f      0xefd ./Drivers/STM32H7xx_HAL_Driver/Src/stm32h7xx_hal_pwr_ex.o
 .debug_line    0x0000a81c     0x143c ./Drivers/STM32H7xx_HAL_Driver/Src/stm32h7xx_hal_rcc.o
 .debug_line    0x0000bc58     0x1cf0 ./Drivers/STM32H7xx_HAL_Driver/Src/stm32h7xx_hal_rcc_ex.o

.debug_str      0x00000000   0x14f844
 .debug_str     0x00000000   0x14f844 ./Core/Src/main.o
                             0x14c19c (size before relaxing)
 .debug_str     0x0014f844   0x14c05c ./Core/Src/stm32h7xx_hal_msp.o
 .debug_str     0x0014f844   0x14b448 ./Core/Src/stm32h7xx_it.o
 .debug_str     0x0014f844   0x14b8c9 ./Core/Src/system_stm32h7xx.o
 .debug_str     0x0014f844       0x80 ./Core/Startup/startup_stm32h723zgtx.o
 .debug_str     0x0014f844   0x14c914 ./Drivers/STM32H7xx_HAL_Driver/Src/stm32h7xx_hal.o
 .debug_str     0x0014f844   0x14c939 ./Drivers/STM32H7xx_HAL_Driver/Src/stm32h7xx_hal_adc.o
 .debug_str     0x0014f844   0x14c859 ./Drivers/STM32H7xx_HAL_Driver/Src/stm32h7xx_hal_adc_ex.o
 .debug_str     0x0014f844   0x14c22e ./Drivers/STM32H7xx_HAL_Driver/Src/stm32h7xx_hal_cortex.o
 .debug_str     0x0014f844   0x14b8d5 ./Drivers/STM32H7xx_HAL_Driver/Src/stm32h7xx_hal_gpio.o
 .debug_str     0x0014f844   0x14bcdd ./Drivers/STM32H7xx_HAL_Driver/Src/stm32h7xx_hal_pwr_ex.o
 .debug_str     0x0014f844   0x14bc58 ./Drivers/STM32H7xx_HAL_Driver/Src/stm32h7xx_hal_rcc.o
 .debug_str     0x0014f844   0x14c170 ./Drivers/STM32H7xx_HAL_Driver/Src/stm32h7xx_hal_rcc_ex.o

.comment        0x00000000       0x43
 .comment       0x00000000       0x43 ./Core/Src/main.o
                                 0x44 (size before relaxing)
 .comment       0x00000043       0x44 ./Core/Src/stm32h7xx_hal_msp.o
 .comment       0x00000043       0x44 ./Core/Src/stm32h7xx_it.o
 .comment       0x00000043       0x44 ./Core/Src/system_stm32h7xx.o
 .comment       0x00000043       0x44 ./Drivers/STM32H7xx_HAL_Driver/Src/stm32h7xx_hal.o
 .comment       0x00000043       0x44 ./Drivers/STM32H7xx_HAL_Driver/Src/stm32h7xx_hal_adc.o
 .comment       0x00000043       0x44 ./Drivers/STM32H7xx_HAL_Driver/Src/stm32h7xx_hal_adc_ex.o
 .comment       0x00000043       0x44 ./Drivers/STM32H7xx_HAL_Driver/Src/stm32h7xx_hal_cortex.o
 .comment       0x00000043       0x44 ./Drivers/STM32H7xx_HAL_Driver/Src/stm32h7xx_hal_gpio.o
 .comment       0x00000043       0x44 ./Drivers/STM32H7xx_HAL_Driver/Src/stm32h7xx_hal_pwr_ex.o
 .comment       0x00000043       0x44 ./Drivers/STM32H7xx_HAL_Driver/Src/stm32h7xx_hal_rcc.o
 .comment       0x00000043       0x44 ./Drivers/STM32H7xx_HAL_Driver/Src/stm32h7xx_hal_rcc_ex.o

.debug_frame    0x00000000     0x30b8
 .debug_frame   0x00000000       0xd4 ./Core/Src/main.o
 .debug_frame   0x000000d4       0x84 ./Core/Src/stm32h7xx_hal_msp.o
 .debug_frame   0x00000158      0x104 ./Core/Src/stm32h7xx_it.o
 .debug_frame   0x0000025c       0x78 ./Core/Src/system_stm32h7xx.o
 .debug_frame   0x000002d4      0x760 ./Drivers/STM32H7xx_HAL_Driver/Src/stm32h7xx_hal.o
 .debug_frame   0x00000a34      0xb68 ./Drivers/STM32H7xx_HAL_Driver/Src/stm32h7xx_hal_adc.o
 .debug_frame   0x0000159c      0x92c ./Drivers/STM32H7xx_HAL_Driver/Src/stm32h7xx_hal_adc_ex.o
 .debug_frame   0x00001ec8      0x508 ./Drivers/STM32H7xx_HAL_Driver/Src/stm32h7xx_hal_cortex.o
 .debug_frame   0x000023d0      0x14c ./Drivers/STM32H7xx_HAL_Driver/Src/stm32h7xx_hal_gpio.o
 .debug_frame   0x0000251c      0x540 ./Drivers/STM32H7xx_HAL_Driver/Src/stm32h7xx_hal_pwr_ex.o
 .debug_frame   0x00002a5c      0x1fc ./Drivers/STM32H7xx_HAL_Driver/Src/stm32h7xx_hal_rcc.o
 .debug_frame   0x00002c58      0x414 ./Drivers/STM32H7xx_HAL_Driver/Src/stm32h7xx_hal_rcc_ex.o
 .debug_frame   0x0000306c       0x20 /Applications/STM32CubeIDE.app/Contents/Eclipse/plugins/com.st.stm32cube.ide.mcu.externaltools.gnu-tools-for-stm32.13.3.rel1.macos64_1.0.0.202411102158/tools/bin/../lib/gcc/arm-none-eabi/13.3.1/../../../../arm-none-eabi/lib/thumb/v7e-m+dp/hard/libc_nano.a(libc_a-memset.o)
 .debug_frame   0x0000308c       0x2c /Applications/STM32CubeIDE.app/Contents/Eclipse/plugins/com.st.stm32cube.ide.mcu.externaltools.gnu-tools-for-stm32.13.3.rel1.macos64_1.0.0.202411102158/tools/bin/../lib/gcc/arm-none-eabi/13.3.1/../../../../arm-none-eabi/lib/thumb/v7e-m+dp/hard/libc_nano.a(libc_a-init.o)

.debug_line_str
                0x00000000       0x64
 .debug_line_str
                0x00000000       0x64 ./Core/Startup/startup_stm32h723zgtx.o
